Ii is a log